This is pdfTeX, Version 3.141592653-2.6-1.40.29 (TeX Live 2026/Arch Linux) (preloaded format=pdflatex 2026.4.6)  12 MAY 2026 18:48
entering extended mode
 restricted \write18 enabled.
 %&-line parsing enabled.
**main.tex
(./main.tex
LaTeX2e <2025-11-01>
L3 programming layer <2026-01-19>
(/usr/share/texmf-dist/tex/latex/base/article.cls
Document Class: article 2025/01/22 v1.4n Standard LaTeX document class
(/usr/share/texmf-dist/tex/latex/base/size10.clo
File: size10.clo 2025/01/22 v1.4n Standard LaTeX file (size option)
)
\c@part=\count275
\c@section=\count276
\c@subsection=\count277
\c@subsubsection=\count278
\c@paragraph=\count279
\c@subparagraph=\count280
\c@figure=\count281
\c@table=\count282
\abovecaptionskip=\skip49
\belowcaptionskip=\skip50
\bibindent=\dimen148
) (./preamble.tex
(/usr/share/texmf-dist/tex/latex/base/inputenc.sty
Package: inputenc 2024/02/08 v1.3d Input encoding file
\inpenc@prehook=\toks17
\inpenc@posthook=\toks18
)
(/usr/share/texmf-dist/tex/latex/base/fontenc.sty
Package: fontenc 2025/07/18 v2.1d Standard LaTeX package
)
(/usr/share/texmf-dist/tex/generic/babel/babel.sty
Package: babel 2026/02/14 v26.3 The multilingual framework for LuaLaTeX, pdfLaT
eX and XeLaTeX
\babel@savecnt=\count283
LaTeX Encoding Info:    Redeclaring text command \ij (encoding OT1) on input li
ne 2078.
LaTeX Encoding Info:    Redeclaring text command \IJ (encoding OT1) on input li
ne 2080.
LaTeX Encoding Info:    Redeclaring text command \ij (encoding T1) on input lin
e 2082.
LaTeX Encoding Info:    Redeclaring text command \IJ (encoding T1) on input lin
e 2083.
LaTeX Encoding Info:    Ignoring declaration for text command \ij (encoding ?) 
on input line 2084.
LaTeX Encoding Info:    Ignoring declaration for text command \IJ (encoding ?) 
on input line 2086.
LaTeX Encoding Info:    Ignoring declaration for text command \SS (encoding ?) 
on input line 2111.
\U@D=\dimen149
\l@unhyphenated=\language3

(/usr/share/texmf-dist/tex/generic/babel/txtbabel.def)
\bbl@readstream=\read2
\bbl@dirlevel=\count284

(/usr/share/texmf-dist/tex/generic/babel/locale/es/babel-spanish.tex)
Package babel Info: Importing data for spanish
(babel)             from babel-es.ini. Reported on input line 4330.
Package babel Info: Hyphen rules for 'spanish' set to \l@english
(babel)             (\language0). Reported on input line 4330.
)
(/usr/share/texmf-dist/tex/latex/geometry/geometry.sty
Package: geometry 2020/01/02 v5.9 Page Geometry

(/usr/share/texmf-dist/tex/latex/graphics/keyval.sty
Package: keyval 2022/05/29 v1.15 key=value parser (DPC)
\KV@toks@=\toks19
)
(/usr/share/texmf-dist/tex/generic/iftex/ifvtex.sty
Package: ifvtex 2019/10/25 v1.7 ifvtex legacy package. Use iftex instead.

(/usr/share/texmf-dist/tex/generic/iftex/iftex.sty
Package: iftex 2024/12/12 v1.0g TeX engine tests
))
\Gm@cnth=\count285
\Gm@cntv=\count286
\c@Gm@tempcnt=\count287
\Gm@bindingoffset=\dimen150
\Gm@wd@mp=\dimen151
\Gm@odd@mp=\dimen152
\Gm@even@mp=\dimen153
\Gm@layoutwidth=\dimen154
\Gm@layoutheight=\dimen155
\Gm@layouthoffset=\dimen156
\Gm@layoutvoffset=\dimen157
\Gm@dimlist=\toks20
)
(/usr/share/texmf-dist/tex/latex/listings/listings.sty
\lst@mode=\count288
\lst@gtempboxa=\box53
\lst@token=\toks21
\lst@length=\count289
\lst@currlwidth=\dimen158
\lst@column=\count290
\lst@pos=\count291
\lst@lostspace=\dimen159
\lst@width=\dimen160
\lst@newlines=\count292
\lst@lineno=\count293
\lst@maxwidth=\dimen161

(/usr/share/texmf-dist/tex/latex/listings/lstpatch.sty
File: lstpatch.sty 2025/11/14 1.11b (Carsten Heinz)
)
(/usr/share/texmf-dist/tex/latex/listings/lstmisc.sty
File: lstmisc.sty 2025/11/14 1.11b (Carsten Heinz)
\c@lstnumber=\count294
\lst@skipnumbers=\count295
\lst@framebox=\box54
)
(/usr/share/texmf-dist/tex/latex/listings/listings.cfg
File: listings.cfg 2025/11/14 1.11b listings configuration
))
Package: listings 2025/11/14 1.11b (Carsten Heinz)

==> First Aid for listings.sty no longer applied!
    Expected:
        2024/09/23 1.10c (Carsten Heinz)
    but found:
        2025/11/14 1.11b (Carsten Heinz)
    so I'm assuming it got fixed.
(/usr/share/texmf-dist/tex/latex/listingsutf8/listingsutf8.sty
Package: listingsutf8 2019-12-10 v1.5 Allow UTF-8 in listings input (HO)

(/usr/share/texmf-dist/tex/generic/pdftexcmds/pdftexcmds.sty
Package: pdftexcmds 2020-06-27 v0.33 Utility functions of pdfTeX for LuaTeX (HO
)

(/usr/share/texmf-dist/tex/generic/infwarerr/infwarerr.sty
Package: infwarerr 2019/12/03 v1.5 Providing info/warning/error messages (HO)
)
(/usr/share/texmf-dist/tex/generic/ltxcmds/ltxcmds.sty
Package: ltxcmds 2023-12-04 v1.26 LaTeX kernel commands for general use (HO)
)
Package pdftexcmds Info: \pdf@primitive is available.
Package pdftexcmds Info: \pdf@ifprimitive is available.
Package pdftexcmds Info: \pdfdraftmode found.
)
(/usr/share/texmf-dist/tex/generic/stringenc/stringenc.sty
Package: stringenc 2019/11/29 v1.12 Convert strings between diff. encodings (HO
)

(/usr/share/texmf-dist/tex/generic/pdfescape/pdfescape.sty
Package: pdfescape 2019/12/09 v1.15 Implements pdfTeX's escape features (HO)
)))
(/usr/share/texmf-dist/tex/latex/xcolor/xcolor.sty
Package: xcolor 2024/09/29 v3.02 LaTeX color extensions (UK)

(/usr/share/texmf-dist/tex/latex/graphics-cfg/color.cfg
File: color.cfg 2016/01/02 v1.6 sample color configuration
)
Package xcolor Info: Driver file: pdftex.def on input line 274.

(/usr/share/texmf-dist/tex/latex/graphics-def/pdftex.def
File: pdftex.def 2025/09/29 v1.2d Graphics/color driver for pdftex
)
(/usr/share/texmf-dist/tex/latex/graphics/mathcolor.ltx)
Package xcolor Info: Model `cmy' substituted by `cmy0' on input line 1349.
Package xcolor Info: Model `hsb' substituted by `rgb' on input line 1353.
Package xcolor Info: Model `RGB' extended on input line 1365.
Package xcolor Info: Model `HTML' substituted by `rgb' on input line 1367.
Package xcolor Info: Model `Hsb' substituted by `hsb' on input line 1368.
Package xcolor Info: Model `tHsb' substituted by `hsb' on input line 1369.
Package xcolor Info: Model `HSB' substituted by `hsb' on input line 1370.
Package xcolor Info: Model `Gray' substituted by `gray' on input line 1371.
Package xcolor Info: Model `wave' substituted by `hsb' on input line 1372.
)
(/usr/share/texmf-dist/tex/latex/hyperref/hyperref.sty
Package: hyperref 2026-01-29 v7.01p Hypertext links for LaTeX

(/usr/share/texmf-dist/tex/latex/kvsetkeys/kvsetkeys.sty
Package: kvsetkeys 2022-10-05 v1.19 Key value parser (HO)
)
(/usr/share/texmf-dist/tex/generic/kvdefinekeys/kvdefinekeys.sty
Package: kvdefinekeys 2019-12-19 v1.6 Define keys (HO)
)
(/usr/share/texmf-dist/tex/latex/hycolor/hycolor.sty
Package: hycolor 2020-01-27 v1.10 Color options for hyperref/bookmark (HO)
)
(/usr/share/texmf-dist/tex/latex/hyperref/nameref.sty
Package: nameref 2026-01-29 v2.58 Cross-referencing by name of section

(/usr/share/texmf-dist/tex/latex/refcount/refcount.sty
Package: refcount 2019/12/15 v3.6 Data extraction from label references (HO)
)
(/usr/share/texmf-dist/tex/generic/gettitlestring/gettitlestring.sty
Package: gettitlestring 2019/12/15 v1.6 Cleanup title references (HO)

(/usr/share/texmf-dist/tex/latex/kvoptions/kvoptions.sty
Package: kvoptions 2022-06-15 v3.15 Key value format for package options (HO)
))
\c@section@level=\count296
)
(/usr/share/texmf-dist/tex/latex/etoolbox/etoolbox.sty
Package: etoolbox 2025/10/02 v2.5m e-TeX tools for LaTeX (JAW)
\etb@tempcnta=\count297
)
\@linkdim=\dimen162
\Hy@linkcounter=\count298
\Hy@pagecounter=\count299

(/usr/share/texmf-dist/tex/latex/hyperref/pd1enc.def
File: pd1enc.def 2026-01-29 v7.01p Hyperref: PDFDocEncoding definition (HO)
Now handling font encoding PD1 ...
... no UTF-8 mapping file for font encoding PD1
)
(/usr/share/texmf-dist/tex/generic/intcalc/intcalc.sty
Package: intcalc 2019/12/15 v1.3 Expandable calculations with integers (HO)
)
\Hy@SavedSpaceFactor=\count300

(/usr/share/texmf-dist/tex/latex/hyperref/puenc.def
File: puenc.def 2026-01-29 v7.01p Hyperref: PDF Unicode definition (HO)
Now handling font encoding PU ...
... no UTF-8 mapping file for font encoding PU
)
Package hyperref Info: Hyper figures OFF on input line 4201.
Package hyperref Info: Link nesting OFF on input line 4206.
Package hyperref Info: Hyper index ON on input line 4209.
Package hyperref Info: Plain pages OFF on input line 4216.
Package hyperref Info: Backreferencing OFF on input line 4221.
Package hyperref Info: Implicit mode ON; LaTeX internals redefined.
Package hyperref Info: Bookmarks ON on input line 4468.
\c@Hy@tempcnt=\count301

(/usr/share/texmf-dist/tex/latex/url/url.sty
\Urlmuskip=\muskip17
Package: url 2013/09/16  ver 3.4  Verb mode for urls, etc.
)
LaTeX Info: Redefining \url on input line 4807.
\XeTeXLinkMargin=\dimen163

(/usr/share/texmf-dist/tex/generic/bitset/bitset.sty
Package: bitset 2019/12/09 v1.3 Handle bit-vector datatype (HO)

(/usr/share/texmf-dist/tex/generic/bigintcalc/bigintcalc.sty
Package: bigintcalc 2019/12/15 v1.5 Expandable calculations on big integers (HO
)
))
\Fld@menulength=\count302
\Field@Width=\dimen164
\Fld@charsize=\dimen165
Package hyperref Info: Hyper figures OFF on input line 6084.
Package hyperref Info: Link nesting OFF on input line 6089.
Package hyperref Info: Hyper index ON on input line 6092.
Package hyperref Info: backreferencing OFF on input line 6099.
Package hyperref Info: Link coloring OFF on input line 6104.
Package hyperref Info: Link coloring with OCG OFF on input line 6109.
Package hyperref Info: PDF/A mode OFF on input line 6114.
\Hy@abspage=\count303
\c@Item=\count304
\c@Hfootnote=\count305
)
Package hyperref Info: Driver (autodetected): hpdftex.

(/usr/share/texmf-dist/tex/latex/hyperref/hpdftex.def
File: hpdftex.def 2026-01-29 v7.01p Hyperref driver for pdfTeX
\Fld@listcount=\count306
\c@bookmark@seq@number=\count307

(/usr/share/texmf-dist/tex/latex/rerunfilecheck/rerunfilecheck.sty
Package: rerunfilecheck 2025-06-21 v1.11 Rerun checks for auxiliary files (HO)

(/usr/share/texmf-dist/tex/generic/uniquecounter/uniquecounter.sty
Package: uniquecounter 2019/12/15 v1.4 Provide unlimited unique counter (HO)
)
Package uniquecounter Info: New unique counter `rerunfilecheck' on input line 2
84.
)
\Hy@SectionHShift=\skip51
)
Package hyperref Info: Option `colorlinks' set `true' on input line 18.
)
(/usr/share/texmf-dist/tex/latex/l3backend/l3backend-pdftex.def
File: l3backend-pdftex.def 2025-10-09 L3 backend support: PDF output (pdfTeX)
\l__color_backend_stack_int=\count308
) (./main.aux)
\openout1 = `main.aux'.

LaTeX Font Info:    Checking defaults for OML/cmm/m/it on input line 4.
LaTeX Font Info:    ... okay on input line 4.
LaTeX Font Info:    Checking defaults for OMS/cmsy/m/n on input line 4.
LaTeX Font Info:    ... okay on input line 4.
LaTeX Font Info:    Checking defaults for OT1/cmr/m/n on input line 4.
LaTeX Font Info:    ... okay on input line 4.
LaTeX Font Info:    Checking defaults for T1/cmr/m/n on input line 4.
LaTeX Font Info:    ... okay on input line 4.
LaTeX Font Info:    Checking defaults for TS1/cmr/m/n on input line 4.
LaTeX Font Info:    ... okay on input line 4.
LaTeX Font Info:    Checking defaults for OMX/cmex/m/n on input line 4.
LaTeX Font Info:    ... okay on input line 4.
LaTeX Font Info:    Checking defaults for U/cmr/m/n on input line 4.
LaTeX Font Info:    ... okay on input line 4.
LaTeX Font Info:    Checking defaults for PD1/pdf/m/n on input line 4.
LaTeX Font Info:    ... okay on input line 4.
LaTeX Font Info:    Checking defaults for PU/pdf/m/n on input line 4.
LaTeX Font Info:    ... okay on input line 4.

*geometry* driver: auto-detecting
*geometry* detected driver: pdftex
*geometry* verbose mode - [ preamble ] result:
* driver: pdftex
* paper: a4paper
* layout: <same size as paper>
* layoutoffset:(h,v)=(0.0pt,0.0pt)
* modes: 
* h-part:(L,W,R)=(72.26999pt, 452.9679pt, 72.26999pt)
* v-part:(T,H,B)=(72.26999pt, 700.50687pt, 72.26999pt)
* \paperwidth=597.50787pt
* \paperheight=845.04684pt
* \textwidth=452.9679pt
* \textheight=700.50687pt
* \oddsidemargin=0.0pt
* \evensidemargin=0.0pt
* \topmargin=-37.0pt
* \headheight=12.0pt
* \headsep=25.0pt
* \topskip=10.0pt
* \footskip=30.0pt
* \marginparwidth=65.0pt
* \marginparsep=11.0pt
* \columnsep=10.0pt
* \skip\footins=9.0pt plus 4.0pt minus 2.0pt
* \hoffset=0.0pt
* \voffset=0.0pt
* \mag=1000
* \@twocolumnfalse
* \@twosidefalse
* \@mparswitchfalse
* \@reversemarginfalse
* (1in=72.27pt=25.4mm, 1cm=28.453pt)

\c@lstlisting=\count309
(/usr/share/texmf-dist/tex/context/base/mkii/supp-pdf.mkii
[Loading MPS to PDF converter (version 2006.09.02).]
\scratchcounter=\count310
\scratchdimen=\dimen166
\scratchbox=\box55
\nofMPsegments=\count311
\nofMParguments=\count312
\everyMPshowfont=\toks22
\MPscratchCnt=\count313
\MPscratchDim=\dimen167
\MPnumerator=\count314
\makeMPintoPDFobject=\count315
\everyMPtoPDFconversion=\toks23
)
Package hyperref Info: Link coloring ON on input line 4.
 (./main.out) (./main.out)
\@outlinefile=\write3
\openout3 = `main.out'.

LaTeX Font Info:    External font `cmex10' loaded for size
(Font)              <12> on input line 7.
LaTeX Font Info:    External font `cmex10' loaded for size
(Font)              <8> on input line 7.
LaTeX Font Info:    External font `cmex10' loaded for size
(Font)              <6> on input line 7.
 (./main.toc
LaTeX Font Info:    External font `cmex10' loaded for size
(Font)              <7> on input line 3.
LaTeX Font Info:    External font `cmex10' loaded for size
(Font)              <5> on input line 3.
 [1

{/var/lib/texmf/fonts/map/pdftex/updmap/pdftex.map}])
\tf@toc=\write4
\openout4 = `main.toc'.

 [2] (./sections/fase1-infraestructura.tex
(/usr/share/texmf-dist/tex/latex/listings/lstlang1.sty
File: lstlang1.sty 2025/11/14 1.11b listings language file
)
(/usr/share/texmf-dist/tex/latex/listings/lstlang1.sty
File: lstlang1.sty 2025/11/14 1.11b listings language file
) [3]
LaTeX Font Info:    Font shape `T1/cmtt/bx/n' in size <8> not available
(Font)              Font shape `T1/cmtt/m/n' tried instead on input line 82.

(/usr/share/texmf-dist/tex/latex/listings/lstlang1.sty
File: lstlang1.sty 2025/11/14 1.11b listings language file
)
(/usr/share/texmf-dist/tex/latex/listings/lstmisc.sty
File: lstmisc.sty 2025/11/14 1.11b (Carsten Heinz)
)
LaTeX Font Info:    Font shape `T1/cmtt/bx/n' in size <10> not available
(Font)              Font shape `T1/cmtt/m/n' tried instead on input line 140.
 [4] [5]
LaTeX Font Info:    Font shape `T1/cmtt/bx/n' in size <12> not available
(Font)              Font shape `T1/cmtt/m/n' tried instead on input line 244.

Overfull \hbox (20.4322pt too wide) in paragraph at lines 257--258
[]\T1/cmr/m/n/10 La clave pri-va-da Ed25519 se in-crus-ta co-mo \T1/cmr/m/it/10
 here-doc \T1/cmr/m/n/10 en el \T1/cmr/m/it/10 script\T1/cmr/m/n/10 . Se au-tor
-iza tam-bién en \T1/cmtt/m/n/10 authorized_keys
 []

[6]
Overfull \hbox (24.61884pt too wide) in paragraph at lines 310--311
[]\T1/cmr/bx/n/10 Montaje per-sis-tente vía \T1/cmtt/m/n/10 /etc/fstab\T1/cmr/m
/n/10 : se añade la línea \T1/cmtt/m/n/10 /dev/vdb /mnt/data ext4 defaults,nofa
il
 []

[7]) (./sections/fase2-kubernetes.tex
Overfull \hbox (32.26773pt too wide) in paragraph at lines 5--6
\T1/cmr/m/n/10 da la fase se eje-cu-ta des-de \T1/cmtt/m/n/10 test-master \T1/c
mr/m/n/10 de for-ma idem-po-tente me-di-ante el \T1/cmr/m/it/10 script \T1/cmtt
/m/n/10 scripts/setup-kubespray.sh\T1/cmr/m/n/10 . 
 []

[8] [9] [10]
Overfull \hbox (23.61017pt too wide) in paragraph at lines 172--173
\T1/cmr/m/n/10 Kubespray fun-ciona porque \T1/cmtt/m/n/10 ssh-setup.sh \T1/cmr/
m/n/10 ya ha pre-instalado la clave com-par-ti-da del lab en \T1/cmtt/m/n/10 au
thorized_keys
 []

) (./sections/fase3-monitoring.tex [11] [12]
Overfull \hbox (24.17339pt too wide) in paragraph at lines 123--124
[]\T1/cmr/m/n/10 El \T1/cmr/m/it/10 chart \T1/cmr/m/n/10 gen-era un \T1/cmtt/m/
n/10 ConfigMap \T1/cmr/m/n/10 con este archi-vo y lo mon-ta en \T1/cmtt/m/n/10 
/etc/grafana/provisioning/datasources/\T1/cmr/m/n/10 .
 []


Overfull \hbox (147.1937pt too wide) in paragraph at lines 137--138
\T1/cmr/m/it/10 dash-board\T1/cmr/m/n/10 . El \T1/cmr/m/it/10 side-car \T1/cmtt
/m/n/10 kiwigrid/k8s-sidecar \T1/cmr/m/n/10 in-yec-ta-do por el \T1/cmr/m/it/10
 chart \T1/cmr/m/n/10 mon-ta el \T1/cmtt/m/n/10 ConfigMap \T1/cmr/m/n/10 en \T1
/cmtt/m/n/10 /var/lib/grafana/dashboards/<provider>/
 []

[13] [14] [15] [16]) (./sections/fase4-seguridad.tex
Overfull \hbox (18.05963pt too wide) in paragraph at lines 7--8
[]\T1/cmr/m/n/10 Toda la fase se au-tom-a-ti-za des-de \T1/cmtt/m/n/10 scripts/
setup-security.sh\T1/cmr/m/n/10 , que com-parte el pa-trón de \T1/cmtt/m/n/10 s
etup-lab.sh\T1/cmr/m/n/10 :
 []


Overfull \hbox (10.27899pt too wide) in paragraph at lines 34--35
\T1/cmr/m/n/10 Los tres CMS y Suri-ca-ta cor-ren en el mis-mo no-do. Razón téc-
ni-ca: Suri-ca-ta cap-tura trá-fi-co con \T1/cmtt/m/n/10 hostNetwork:
 []

[17]
Overfull \hbox (16.59268pt too wide) in paragraph at lines 79--80
[]\T1/cmr/m/n/10 Solo \T1/cmtt/m/n/10 stdout\T1/cmr/m/n/10 , que kubelet es-cri
be en \T1/cmtt/m/n/10 /var/log/pods/.../falco/0.log $\OMS/cmsy/m/n/10 !$ \T1/cm
r/m/n/10 Prom-tail $\OMS/cmsy/m/n/10 !$ \T1/cmr/m/n/10 Lo-ki. \T1/cmtt/m/n/10 f
ile_output
 []


Overfull \hbox (2.97478pt too wide) in paragraph at lines 89--90
[]\T1/cmr/m/n/10 Sin es-ta línea, los \T1/cmr/m/it/10 rules built-in \T1/cmr/m/
n/10 que fil-tran por \T1/cmtt/m/n/10 proc.tty != 0 \T1/cmr/m/n/10 (co-mo \T1/c
mtt/m/n/10 Terminal shell in container\T1/cmr/m/n/10 )
 []

[18]
Overfull \hbox (25.04195pt too wide) in paragraph at lines 116--117
 []\T1/cmr/bx/n/10 Iteración has-ta la regla fi-nal.[] \T1/cmr/m/n/10 La ver-si
ón ini-cial (\T1/cmr/m/it/10 ca-nary \T1/cmr/m/n/10 de val-i-dación E2E del \T1
/cmr/m/it/10 probe\T1/cmr/m/n/10 ) era \T1/cmtt/m/n/10 spawned_process
 []


Overfull \hbox (14.66182pt too wide) in paragraph at lines 138--139
[]\T1/cmr/m/n/10 El \T1/cmr/m/it/10 chart \T1/cmr/m/n/10 mon-ta \T1/cmtt/m/n/10
 customRules \T1/cmr/m/n/10 co-mo \T1/cmtt/m/n/10 ConfigMap \T1/cmr/m/n/10 en \
T1/cmtt/m/n/10 /etc/falco/rules.d/\T1/cmr/m/n/10 . \T1/cmr/bx/n/10 Críti-co\T1/
cmr/m/n/10 : \T1/cmtt/m/n/10 /etc/falco/rules.d
 []

[19]
Overfull \hbox (12.44623pt too wide) in paragraph at lines 165--166
 []\T1/cmtt/m/n/10 dnsPolicy: ClusterFirstWithHostNet\T1/cmr/bx/n/10 .[] \T1/cm
r/m/n/10 Cuan-do \T1/cmtt/m/n/10 hostNetwork: true\T1/cmr/m/n/10 , el pod here-
da \T1/cmtt/m/n/10 /etc/resolv.conf
 []


Overfull \hbox (7.95456pt too wide) in paragraph at lines 192--193
 []\T1/cmr/bx/n/10 Diseño del \T1/cmtt/m/n/10 HOME_NET\T1/cmr/bx/n/10 .[] \T1/c
mr/m/n/10 Las fir-mas ET Open es-tán es-critas en tér-mi-nos de \T1/cmtt/m/n/10
 $EXTERNAL_NET -> $HOME_NET\T1/cmr/m/n/10 :
 []


Overfull \hbox (51.81035pt too wide) in paragraph at lines 194--195
 []\T1/cmtt/m/n/10 HTTP_PORTS \T1/cmr/bx/n/10 parametriza-do.[] \T1/cmr/m/n/10 
Las fir-mas \T1/cmtt/m/n/10 ET WEB_SERVER ... \T1/cmr/m/n/10 es-tán es-critas c
o-mo \T1/cmtt/m/n/10 flow:to_server,established;
 []

[20] [21]
Overfull \hbox (20.12068pt too wide) in paragraph at lines 300--301
\T1/cmtt/m/n/10 /var/lib/mysql\T1/cmr/m/n/10 ). Su \T1/cmr/m/it/10 en-try-point
 \T1/cmr/m/n/10 (\T1/cmtt/m/n/10 /main.sh\T1/cmr/m/n/10 ) so-lo hace \T1/cmtt/m
/n/10 service mysql start\T1/cmr/m/n/10 , no eje-cu-ta \T1/cmtt/m/n/10 mysql_in
stall_db\T1/cmr/m/n/10 .
 []


Overfull \hbox (10.1518pt too wide) in paragraph at lines 323--324
[]\T1/cmr/m/n/10 Aunque no hay PVC, se mantiene el pa-trón por con-sis-ten-cia 
con cualquier fu-turo \T1/cmr/m/it/10 en-able \T1/cmr/m/n/10 de \T1/cmtt/m/n/10
 persistence\T1/cmr/m/n/10 .
 []

[22] [23]) (./appendix/scripts.tex [24]
Package hyperref Info: bookmark level for unknown lstlisting defaults to 0 on i
nput line 9.
 (../scripts/network-check.sh)
(../scripts/create-disks.sh [25]) (../scripts/config.sh)
(../scripts/ssh-setup.sh [26]) (../scripts/ssh-config.sh)
Overfull \hbox (20.0707pt too wide) in paragraph at lines 37--38
\T1/cmr/m/it/10 Trigger \T1/cmr/m/n/10 de host (\T1/cmtt/m/n/10 after :up\T1/cm
r/m/n/10 , \T1/cmtt/m/n/10 only_on: test-worker2\T1/cmr/m/n/10 ). Conec-ta los 
qcow2 co-mo \T1/cmtt/m/n/10 vdb \T1/cmr/m/n/10 con \T1/cmtt/m/n/10 virsh attach
-disk
 []

(../scripts/attach-disks.sh [27]) [28] (../scripts/setup-kubespray.sh [29])
[30] (../scripts/setup-lab.sh [31] [32])
Overfull \hbox (4.16235pt too wide) in paragraph at lines 59--60
\T1/cmr/m/it/10 Provisioner \T1/cmtt/m/n/10 run: "never" \T1/cmr/m/n/10 en \T1/
cmtt/m/n/10 test-master\T1/cmr/m/n/10 . De-spl-ie-ga Fal-co, Suri-ca-ta y los t
res CMS vul-ner-a-bles (DVWA,
 []

(../scripts/setup-security.sh [33] [34] [35])) [36] (./main.aux)
 ***********
LaTeX2e <2025-11-01>
L3 programming layer <2026-01-19>
 ***********
Package rerunfilecheck Info: File `main.out' has not changed.
(rerunfilecheck)             Checksum: D3C3F8EAD6AB07E2A0068B444F2621E3;18157.
 ) 
Here is how much of TeX's memory you used:
 14513 strings out of 469515
 219837 string characters out of 5470808
 1574371 words of memory out of 5000000
 41578 multiletter control sequences out of 15000+600000
 643973 words of font info for 70 fonts, out of 8000000 for 9000
 14 hyphenation exceptions out of 8191
 80i,8n,82p,786b,2120s stack positions out of 10000i,1000n,20000p,200000b,200000s
 </home/alvaro/.texlive/texmf-var/fonts/pk/ljfour/jknappen/ec/ecit1000.600pk>
 </home/alvaro/.texlive/texmf-var/fonts/pk/ljfour/jknappen/ec/ecbi1440.600pk> <
/home/alvaro/.texlive/texmf-var/fonts/pk/ljfour/jknappen/ec/ectt1200.600pk> </h
ome/alvaro/.texlive/texmf-var/fonts/pk/ljfour/jknappen/ec/ecrm0500.600pk> </hom
e/alvaro/.texlive/texmf-var/fonts/pk/ljfour/jknappen/ec/ectt0800.600pk> </home/
alvaro/.texlive/texmf-var/fonts/pk/ljfour/jknappen/ec/ecti0800.600pk> </home/al
varo/.texlive/texmf-var/fonts/pk/ljfour/jknappen/ec/ecrm0800.600pk> </home/alva
ro/.texlive/texmf-var/fonts/pk/ljfour/jknappen/ec/ecrm0600.600pk> </home/alvaro
/.texlive/texmf-var/fonts/pk/ljfour/jknappen/ec/tcrm1000.600pk> </home/alvaro/.
texlive/texmf-var/fonts/pk/ljfour/jknappen/ec/ecrm0700.600pk> </home/alvaro/.te
xlive/texmf-var/fonts/pk/ljfour/jknappen/ec/ecbi1200.600pk> </home/alvaro/.texl
ive/texmf-var/fonts/pk/ljfour/jknappen/ec/ecbx1200.600pk> </home/alvaro/.texliv
e/texmf-var/fonts/pk/ljfour/jknappen/ec/ecbi1000.600pk> </home/alvaro/.texlive/
texmf-var/fonts/pk/ljfour/jknappen/ec/ectt1000.600pk> </home/alvaro/.texlive/te
xmf-var/fonts/pk/ljfour/jknappen/ec/ecti1000.600pk> </home/alvaro/.texlive/texm
f-var/fonts/pk/ljfour/jknappen/ec/ecrm1000.600pk> </home/alvaro/.texlive/texmf-
var/fonts/pk/ljfour/jknappen/ec/ecbx1000.600pk> </home/alvaro/.texlive/texmf-va
r/fonts/pk/ljfour/jknappen/ec/ecbx1440.600pk> </home/alvaro/.texlive/texmf-var/
fonts/pk/ljfour/jknappen/ec/ecrm1200.600pk> </home/alvaro/.texlive/texmf-var/fo
nts/pk/ljfour/jknappen/ec/ecrm1728.600pk></usr/share/texmf-dist/fonts/type1/pub
lic/amsfonts/cm/cmsy10.pfb></usr/share/texmf-dist/fonts/type1/public/amsfonts/c
m/cmsy8.pfb>
Output written on main.pdf (36 pages, 456302 bytes).
PDF statistics:
 3002 PDF objects out of 3580 (max. 8388607)
 2260 compressed objects within 23 object streams
 1419 named destinations out of 1440 (max. 500000)
 769 words of extra memory for PDF output out of 10000 (max. 10000000)

