\BOOKMARK [1][-]{section.1}{\376\377\000F\000a\000s\000e\000\040\0001\000\040\040\023\000\040\000P\000r\000e\000p\000a\000r\000a\000c\000i\000\363\000n\000\040\000d\000e\000\040\000i\000n\000f\000r\000a\000e\000s\000t\000r\000u\000c\000t\000u\000r\000a}{}% 1
\BOOKMARK [2][-]{subsection.1.1}{\376\377\000O\000b\000j\000e\000t\000i\000v\000o}{section.1}% 2
\BOOKMARK [2][-]{subsection.1.2}{\376\377\000R\000e\000q\000u\000i\000s\000i\000t\000o\000s\000\040\000d\000e\000\040\000l\000a\000\040\000i\000n\000f\000r\000a\000e\000s\000t\000r\000u\000c\000t\000u\000r\000a}{section.1}% 3
\BOOKMARK [2][-]{subsection.1.3}{\376\377\000I\000n\000s\000t\000a\000l\000a\000c\000i\000\363\000n\000\040\000d\000e\000\040\000p\000a\000q\000u\000e\000t\000e\000r\000\355\000a\000\040\000e\000n\000\040\000e\000l\000\040\000h\000o\000s\000t}{section.1}% 4
\BOOKMARK [2][-]{subsection.1.4}{\376\377\000D\000e\000f\000i\000n\000i\000c\000i\000\363\000n\000\040\000d\000e\000\040\000l\000a\000\040\000r\000e\000d\000\040\000p\000r\000i\000v\000a\000d\000a}{section.1}% 5
\BOOKMARK [2][-]{subsection.1.5}{\376\377\000V\000a\000g\000r\000a\000n\000t\000f\000i\000l\000e}{section.1}% 6
\BOOKMARK [2][-]{subsection.1.6}{\376\377\000P\000r\000o\000v\000i\000s\000i\000o\000n\000e\000r\000s\000\040\000d\000e\000\040\000f\000a\000s\000e\000\040\0000\000\040\000\050\000c\000o\000n\000f\000i\000g\000.\000s\000h\000\040\000y\000\040\000s\000s\000h\000-\000s\000e\000t\000u\000p\000.\000s\000h\000\051}{section.1}% 7
\BOOKMARK [3][-]{subsubsection.1.6.1}{\376\377\000c\000o\000n\000f\000i\000g\000.\000s\000h}{subsection.1.6}% 8
\BOOKMARK [3][-]{subsubsection.1.6.2}{\376\377\000s\000s\000h\000-\000s\000e\000t\000u\000p\000.\000s\000h}{subsection.1.6}% 9
\BOOKMARK [2][-]{subsection.1.7}{\376\377\000T\000r\000i\000g\000g\000e\000r\000\040\000s\000s\000h\000-\000c\000o\000n\000f\000i\000g\000.\000s\000h}{section.1}% 10
\BOOKMARK [2][-]{subsection.1.8}{\376\377\000D\000i\000s\000c\000o\000s\000\040\000p\000e\000r\000s\000i\000s\000t\000e\000n\000t\000e\000s}{section.1}% 11
\BOOKMARK [3][-]{subsubsection.1.8.1}{\376\377\000D\000e\000c\000i\000s\000i\000\363\000n\000\040\000a\000r\000q\000u\000i\000t\000e\000c\000t\000\363\000n\000i\000c\000a}{subsection.1.8}% 12
\BOOKMARK [3][-]{subsubsection.1.8.2}{\376\377\000c\000r\000e\000a\000t\000e\000-\000d\000i\000s\000k\000s\000.\000s\000h\000\040\000\050\000t\000r\000i\000g\000g\000e\000r\000\040\000e\000n\000\040\000e\000l\000\040\000h\000o\000s\000t\000\051}{subsection.1.8}% 13
\BOOKMARK [3][-]{subsubsection.1.8.3}{\376\377\000a\000t\000t\000a\000c\000h\000-\000d\000i\000s\000k\000s\000.\000s\000h\000\040\000\050\000t\000r\000i\000g\000g\000e\000r\000\040\000e\000n\000\040\000e\000l\000\040\000h\000o\000s\000t\000\051}{subsection.1.8}% 14
\BOOKMARK [2][-]{subsection.1.9}{\376\377\000A\000c\000c\000e\000s\000o\000\040\000g\000r\000\341\000f\000i\000c\000o\000\040\000a\000\040\000l\000a\000s\000\040\000V\000M\000s}{section.1}% 15
\BOOKMARK [2][-]{subsection.1.10}{\376\377\000R\000e\000s\000u\000m\000e\000n\000\040\000d\000e\000l\000\040\000e\000s\000t\000a\000d\000o\000\040\000t\000r\000a\000s\000\040\000F\000a\000s\000e\000\040\0001}{section.1}% 16
\BOOKMARK [1][-]{section.2}{\376\377\000F\000a\000s\000e\000\040\0002\000\040\040\023\000\040\000D\000e\000s\000p\000l\000i\000e\000g\000u\000e\000\040\000d\000e\000l\000\040\000c\000l\000\372\000s\000t\000e\000r\000\040\000K\000u\000b\000e\000r\000n\000e\000t\000e\000s}{}% 17
\BOOKMARK [2][-]{subsection.2.1}{\376\377\000O\000b\000j\000e\000t\000i\000v\000o}{section.2}% 18
\BOOKMARK [2][-]{subsection.2.2}{\376\377\000P\000o\000r\000\040\000q\000u\000\351\000\040\000K\000u\000b\000e\000s\000p\000r\000a\000y}{section.2}% 19
\BOOKMARK [2][-]{subsection.2.3}{\376\377\000E\000s\000t\000r\000u\000c\000t\000u\000r\000a\000\040\000d\000e\000l\000\040\000s\000c\000r\000i\000p\000t\000\040\000s\000e\000t\000u\000p\000-\000k\000u\000b\000e\000s\000p\000r\000a\000y\000.\000s\000h}{section.2}% 20
\BOOKMARK [3][-]{subsubsection.2.3.1}{\376\377\000F\000a\000s\000e\000\040\0001\000:\000\040\000C\000l\000o\000n\000a\000d\000o\000\040\000d\000e\000\040\000K\000u\000b\000e\000s\000p\000r\000a\000y}{subsection.2.3}% 21
\BOOKMARK [3][-]{subsubsection.2.3.2}{\376\377\000F\000a\000s\000e\000\040\0002\000:\000\040\000E\000n\000t\000o\000r\000n\000o\000\040\000v\000i\000r\000t\000u\000a\000l\000\040\000d\000e\000\040\000P\000y\000t\000h\000o\000n}{subsection.2.3}% 22
\BOOKMARK [3][-]{subsubsection.2.3.3}{\376\377\000F\000a\000s\000e\000\040\0003\000:\000\040\000G\000e\000n\000e\000r\000a\000c\000i\000\363\000n\000\040\000d\000e\000l\000\040\000i\000n\000v\000e\000n\000t\000a\000r\000i\000o}{subsection.2.3}% 23
\BOOKMARK [3][-]{subsubsection.2.3.4}{\376\377\000F\000a\000s\000e\000\040\0004\000:\000\040\000C\000o\000n\000f\000i\000g\000u\000r\000a\000c\000i\000\363\000n\000\040\000d\000e\000\040\000g\000r\000o\000u\000p\000\137\000v\000a\000r\000s}{subsection.2.3}% 24
\BOOKMARK [3][-]{subsubsection.2.3.5}{\376\377\000F\000a\000s\000e\000\040\0005\000:\000\040\000E\000j\000e\000c\000u\000c\000i\000\363\000n\000\040\000d\000e\000l\000\040\000p\000l\000a\000y\000b\000o\000o\000k}{subsection.2.3}% 25
\BOOKMARK [3][-]{subsubsection.2.3.6}{\376\377\000F\000a\000s\000e\000\040\0006\000:\000\040\000I\000n\000s\000t\000a\000l\000a\000c\000i\000\363\000n\000\040\000d\000e\000\040\000k\000u\000b\000e\000c\000o\000n\000f\000i\000g}{subsection.2.3}% 26
\BOOKMARK [3][-]{subsubsection.2.3.7}{\376\377\000F\000a\000s\000e\000\040\0007\000:\000\040\000C\000r\000e\000a\000c\000i\000\363\000n\000\040\000d\000e\000\040\000n\000a\000m\000e\000s\000p\000a\000c\000e\000s}{subsection.2.3}% 27
\BOOKMARK [2][-]{subsection.2.4}{\376\377\000V\000a\000l\000i\000d\000a\000c\000i\000\363\000n\000\040\000p\000o\000s\000t\000-\000d\000e\000s\000p\000l\000i\000e\000g\000u\000e}{section.2}% 28
\BOOKMARK [2][-]{subsection.2.5}{\376\377\000L\000e\000c\000c\000i\000o\000n\000e\000s\000\040\000y\000\040\000g\000o\000t\000c\000h\000a\000s\000\040\000e\000n\000c\000o\000n\000t\000r\000a\000d\000a\000s}{section.2}% 29
\BOOKMARK [3][-]{subsubsection.2.5.1}{\376\377\000R\000e\000-\000e\000x\000e\000c\000\040\000a\000\040\000u\000s\000u\000a\000r\000i\000o\000\040\000m\000a\000s\000t\000e\000r\000\040\000c\000o\000n\000\040\000c\000h\000m\000o\000d\000\040\000a\000+\000r}{subsection.2.5}% 30
\BOOKMARK [3][-]{subsubsection.2.5.2}{\376\377\000P\000e\000r\000-\000h\000o\000s\000t\000\040\000a\000n\000s\000i\000b\000l\000e\000\137\000u\000s\000e\000r}{subsection.2.5}% 31
\BOOKMARK [3][-]{subsubsection.2.5.3}{\376\377\000I\000n\000t\000e\000r\000-\000n\000o\000d\000e\000\040\000S\000S\000H\000\040\000p\000a\000s\000s\000w\000o\000r\000d\000l\000e\000s\000s}{subsection.2.5}% 32
\BOOKMARK [3][-]{subsubsection.2.5.4}{\376\377\000I\000d\000e\000m\000p\000o\000t\000e\000n\000c\000i\000a\000\040\000d\000e\000l\000\040\000c\000l\000\372\000s\000t\000e\000r}{subsection.2.5}% 33
\BOOKMARK [1][-]{section.3}{\376\377\000F\000a\000s\000e\000\040\0003\000\040\040\023\000\040\000S\000t\000a\000c\000k\000\040\000d\000e\000\040\000m\000o\000n\000i\000t\000o\000r\000i\000z\000a\000c\000i\000\363\000n}{}% 34
\BOOKMARK [2][-]{subsection.3.1}{\376\377\000O\000b\000j\000e\000t\000i\000v\000o}{section.3}% 35
\BOOKMARK [2][-]{subsection.3.2}{\376\377\000A\000r\000q\000u\000i\000t\000e\000c\000t\000u\000r\000a}{section.3}% 36
\BOOKMARK [2][-]{subsection.3.3}{\376\377\000V\000o\000l\000\372\000m\000e\000n\000e\000s\000\040\000p\000e\000r\000s\000i\000s\000t\000e\000n\000t\000e\000s\000\040\000v\000\355\000a\000\040\000h\000o\000s\000t\000P\000a\000t\000h}{section.3}% 37
\BOOKMARK [2][-]{subsection.3.4}{\376\377\000G\000r\000a\000f\000a\000n\000a}{section.3}% 38
\BOOKMARK [3][-]{subsubsection.3.4.1}{\376\377\000D\000e\000s\000p\000l\000i\000e\000g\000u\000e}{subsection.3.4}% 39
\BOOKMARK [3][-]{subsubsection.3.4.2}{\376\377\000P\000r\000o\000v\000i\000s\000i\000o\000n\000i\000n\000g\000\040\000d\000e\000c\000l\000a\000r\000a\000t\000i\000v\000o\000\040\000d\000e\000\040\000d\000a\000t\000a\000s\000o\000u\000r\000c\000e\000s}{subsection.3.4}% 40
\BOOKMARK [3][-]{subsubsection.3.4.3}{\376\377\000P\000r\000o\000v\000i\000s\000i\000o\000n\000i\000n\000g\000\040\000d\000e\000c\000l\000a\000r\000a\000t\000i\000v\000o\000\040\000d\000e\000\040\000d\000a\000s\000h\000b\000o\000a\000r\000d\000s}{subsection.3.4}% 41
\BOOKMARK [2][-]{subsection.3.5}{\376\377\000P\000r\000o\000m\000e\000t\000h\000e\000u\000s}{section.3}% 42
\BOOKMARK [2][-]{subsection.3.6}{\376\377\000L\000o\000k\000i}{section.3}% 43
\BOOKMARK [3][-]{subsubsection.3.6.1}{\376\377\000M\000o\000d\000o\000\040\000S\000i\000n\000g\000l\000e\000B\000i\000n\000a\000r\000y}{subsection.3.6}% 44
\BOOKMARK [3][-]{subsubsection.3.6.2}{\376\377\000C\000o\000n\000f\000i\000g\000u\000r\000a\000c\000i\000\363\000n\000\040\000b\000a\000s\000e}{subsection.3.6}% 45
\BOOKMARK [3][-]{subsubsection.3.6.3}{\376\377\000S\000i\000z\000i\000n\000g\000\040\000b\000a\000j\000o\000\040\000p\000e\000n\000-\000t\000e\000s\000t\000\040\000f\000l\000o\000o\000d}{subsection.3.6}% 46
\BOOKMARK [3][-]{subsubsection.3.6.4}{\376\377\000T\000a\000m\000a\000\361\000o\000\040\000m\000\341\000x\000i\000m\000o\000\040\000d\000e\000\040\000m\000e\000n\000s\000a\000j\000e\000\040\000g\000R\000P\000C}{subsection.3.6}% 47
\BOOKMARK [3][-]{subsubsection.3.6.5}{\376\377\000L\000\355\000m\000i\000t\000e\000s\000\040\000d\000e\000\040\000q\000u\000e\000r\000y}{subsection.3.6}% 48
\BOOKMARK [2][-]{subsection.3.7}{\376\377\000P\000r\000o\000m\000t\000a\000i\000l}{section.3}% 49
\BOOKMARK [2][-]{subsection.3.8}{\376\377\000C\000o\000n\000v\000e\000n\000c\000i\000\363\000n\000\040\000d\000e\000\040\000l\000a\000b\000e\000l\000s\000\040\000e\000n\000\040\000L\000o\000g\000Q\000L}{section.3}% 50
\BOOKMARK [2][-]{subsection.3.9}{\376\377\000E\000l\000\040\000s\000c\000r\000i\000p\000t\000\040\000s\000e\000t\000u\000p\000-\000l\000a\000b\000.\000s\000h}{section.3}% 51
\BOOKMARK [1][-]{section.4}{\376\377\000F\000a\000s\000e\000\040\0004\000\040\040\023\000\040\000S\000t\000a\000c\000k\000\040\000d\000e\000\040\000s\000e\000g\000u\000r\000i\000d\000a\000d\000\040\000y\000\040\000C\000M\000S\000\040\000v\000u\000l\000n\000e\000r\000a\000b\000l\000e\000s}{}% 52
\BOOKMARK [2][-]{subsection.4.1}{\376\377\000O\000b\000j\000e\000t\000i\000v\000o}{section.4}% 53
\BOOKMARK [2][-]{subsection.4.2}{\376\377\000A\000r\000q\000u\000i\000t\000e\000c\000t\000u\000r\000a}{section.4}% 54
\BOOKMARK [2][-]{subsection.4.3}{\376\377\000C\000o\000n\000c\000e\000n\000t\000r\000a\000c\000i\000\363\000n\000\040\000e\000n\000\040\000w\000o\000r\000k\000e\000r\0001}{section.4}% 55
\BOOKMARK [2][-]{subsection.4.4}{\376\377\000F\000a\000l\000c\000o}{section.4}% 56
\BOOKMARK [3][-]{subsubsection.4.4.1}{\376\377\000D\000r\000i\000v\000e\000r\000\040\000m\000o\000d\000e\000r\000n\000\137\000e\000b\000p\000f}{subsection.4.4}% 57
\BOOKMARK [3][-]{subsubsection.4.4.2}{\376\377\000S\000a\000l\000i\000d\000a\000\040\000J\000S\000O\000N\000\040\000a\000\040\000s\000t\000d\000o\000u\000t}{subsection.4.4}% 58
\BOOKMARK [3][-]{subsubsection.4.4.3}{\376\377\000E\000l\000\040\000p\000a\000r\000\341\000m\000e\000t\000r\000o\000\040\000b\000a\000s\000e\000\137\000s\000y\000s\000c\000a\000l\000l\000s\000.\000r\000e\000p\000a\000i\000r}{subsection.4.4}% 59
\BOOKMARK [3][-]{subsubsection.4.4.4}{\376\377\000R\000e\000g\000l\000a\000\040\000c\000u\000s\000t\000o\000m\000:\000\040\000`\000`\000L\000a\000b\000\040\040\024\000\040\000S\000h\000e\000l\000l\000\040\000e\000n\000\040\000c\000o\000n\000t\000a\000i\000n\000e\000r\000'\000'}{subsection.4.4}% 60
\BOOKMARK [3][-]{subsubsection.4.4.5}{\376\377\000c\000u\000s\000t\000o\000m\000R\000u\000l\000e\000s\000\040\000y\000\040\000r\000u\000l\000e\000s\000\137\000f\000i\000l\000e\000s\000:\000\040\000l\000a\000\040\000t\000r\000a\000m\000p\000a}{subsection.4.4}% 61
\BOOKMARK [2][-]{subsection.4.5}{\376\377\000S\000u\000r\000i\000c\000a\000t\000a}{section.4}% 62
\BOOKMARK [3][-]{subsubsection.4.5.1}{\376\377\000h\000o\000s\000t\000N\000e\000t\000w\000o\000r\000k\000\040\000y\000\040\000c\000a\000p\000a\000b\000i\000l\000i\000t\000i\000e\000s}{subsection.4.5}% 63
\BOOKMARK [3][-]{subsubsection.4.5.2}{\376\377\000C\000a\000p\000t\000u\000r\000a\000\040\000c\000o\000n\000\040\000a\000f\000-\000p\000a\000c\000k\000e\000t}{subsection.4.5}% 64
\BOOKMARK [3][-]{subsubsection.4.5.3}{\376\377\000V\000a\000r\000i\000a\000b\000l\000e\000s\000\040\000d\000e\000\040\000r\000e\000d\000:\000\040\000H\000O\000M\000E\000\137\000N\000E\000T\000\040\000y\000\040\000H\000T\000T\000P\000\137\000P\000O\000R\000T\000S}{subsection.4.5}% 65
\BOOKMARK [3][-]{subsubsection.4.5.4}{\376\377\000E\000l\000\040\000i\000n\000i\000t\000\040\000c\000o\000n\000t\000a\000i\000n\000e\000r\000:\000\040\000d\000e\000s\000c\000a\000r\000g\000a\000\040\000d\000e\000l\000\040\000r\000u\000l\000e\000s\000e\000t\000\040\000E\000T\000\040\000O\000p\000e\000n}{subsection.4.5}% 66
\BOOKMARK [3][-]{subsubsection.4.5.5}{\376\377\000E\000l\000\040\000s\000i\000d\000e\000c\000a\000r\000\040\000t\000a\000i\000l\000\040\000-\000F\000\040\000e\000v\000e\000.\000j\000s\000o\000n}{subsection.4.5}% 67
\BOOKMARK [3][-]{subsubsection.4.5.6}{\376\377\000C\000o\000h\000e\000r\000e\000n\000c\000i\000a\000\040\000c\000o\000n\000f\000i\000g\000:\000\040\000s\000t\000a\000t\000s}{subsection.4.5}% 68
\BOOKMARK [2][-]{subsection.4.6}{\376\377\000D\000V\000W\000A\000\040\040\024\000\040\000D\000a\000m\000n\000\040\000V\000u\000l\000n\000e\000r\000a\000b\000l\000e\000\040\000W\000e\000b\000\040\000A\000p\000p\000l\000i\000c\000a\000t\000i\000o\000n}{section.4}% 69
\BOOKMARK [3][-]{subsubsection.4.6.1}{\376\377\000I\000m\000a\000g\000e\000n\000\040\000v\000u\000l\000n\000e\000r\000a\000b\000l\000e\000s\000/\000w\000e\000b\000-\000d\000v\000w\000a}{subsection.4.6}% 70
\BOOKMARK [3][-]{subsubsection.4.6.2}{\376\377\000S\000i\000n\000\040\000p\000e\000r\000s\000i\000s\000t\000e\000n\000c\000i\000a\000\040\000\050\000d\000e\000c\000i\000s\000i\000\363\000n\000\040\000c\000o\000n\000s\000c\000i\000e\000n\000t\000e\000\051}{subsection.4.6}% 71
\BOOKMARK [3][-]{subsubsection.4.6.3}{\376\377\000P\000r\000o\000b\000e\000\040\000/\000l\000o\000g\000i\000n\000.\000p\000h\000p}{subsection.4.6}% 72
\BOOKMARK [3][-]{subsubsection.4.6.4}{\376\377\000s\000t\000r\000a\000t\000e\000g\000y\000:\000\040\000R\000e\000c\000r\000e\000a\000t\000e}{subsection.4.6}% 73
\BOOKMARK [2][-]{subsection.4.7}{\376\377\000W\000e\000b\000G\000o\000a\000t}{section.4}% 74
\BOOKMARK [3][-]{subsubsection.4.7.1}{\376\377\000I\000m\000a\000g\000e\000n\000\040\000o\000f\000i\000c\000i\000a\000l}{subsection.4.7}% 75
\BOOKMARK [3][-]{subsubsection.4.7.2}{\376\377\000V\000a\000r\000i\000a\000b\000l\000e\000s\000\040\000d\000e\000\040\000e\000n\000t\000o\000r\000n\000o\000\040\000c\000r\000\355\000t\000i\000c\000a\000s}{subsection.4.7}% 76
\BOOKMARK [3][-]{subsubsection.4.7.3}{\376\377\000U\000R\000L\000\040\000c\000a\000s\000e\000-\000s\000e\000n\000s\000i\000t\000i\000v\000e\000:\000\040\000/\000W\000e\000b\000G\000o\000a\000t}{subsection.4.7}% 77
\BOOKMARK [2][-]{subsection.4.8}{\376\377\000J\000u\000i\000c\000e\000\040\000S\000h\000o\000p}{section.4}% 78
\BOOKMARK [3][-]{subsubsection.4.8.1}{\376\377\000D\000e\000s\000p\000l\000i\000e\000g\000u\000e\000\040\000m\000\355\000n\000i\000m\000o}{subsection.4.8}% 79
\BOOKMARK [3][-]{subsubsection.4.8.2}{\376\377\000S\000i\000n\000\040\000l\000o\000g\000i\000n\000\040\000i\000n\000i\000c\000i\000a\000l}{subsection.4.8}% 80
\BOOKMARK [2][-]{subsection.4.9}{\376\377\000E\000l\000\040\000s\000c\000r\000i\000p\000t\000\040\000s\000e\000t\000u\000p\000-\000s\000e\000c\000u\000r\000i\000t\000y\000.\000s\000h}{section.4}% 81
\BOOKMARK [2][-]{subsection.4.10}{\376\377\000L\000e\000c\000c\000i\000o\000n\000e\000s\000\040\000t\000r\000a\000n\000s\000v\000e\000r\000s\000a\000l\000e\000s}{section.4}% 82
\BOOKMARK [3][-]{subsubsection.4.10.1}{\376\377\000C\000h\000a\000r\000t\000s\000\040\000c\000u\000s\000t\000o\000m\000:\000\040\000l\000\355\000m\000i\000t\000e\000\040\000a\000\040\000H\000e\000l\000m\000\040\000u\000p\000s\000t\000r\000e\000a\000m}{subsection.4.10}% 83
\BOOKMARK [3][-]{subsubsection.4.10.2}{\376\377\000I\000m\000\341\000g\000e\000n\000e\000s\000\040\000c\000o\000n\000\040\000d\000e\000f\000a\000u\000l\000t\000s\000\040\000h\000o\000s\000t\000i\000l\000e\000s\000\040\000a\000\040\000N\000o\000d\000e\000P\000o\000r\000t}{subsection.4.10}% 84
\BOOKMARK [3][-]{subsubsection.4.10.3}{\376\377\000D\000e\000t\000e\000c\000t\000o\000r\000e\000s\000\040\000s\000i\000l\000e\000n\000c\000i\000o\000s\000a\000m\000e\000n\000t\000e\000\040\000r\000o\000t\000o\000s}{subsection.4.10}% 85
\BOOKMARK [2][-]{subsection.4.11}{\376\377\000E\000s\000t\000a\000d\000o\000\040\000t\000r\000a\000s\000\040\000F\000a\000s\000e\000\040\0004}{section.4}% 86
\BOOKMARK [1][-]{appendix.A}{\376\377\000S\000c\000r\000i\000p\000t\000s}{}% 87
\BOOKMARK [2][-]{subsection.A.1}{\376\377\000n\000e\000t\000w\000o\000r\000k\000-\000c\000h\000e\000c\000k\000.\000s\000h}{appendix.A}% 88
\BOOKMARK [2][-]{subsection.A.2}{\376\377\000c\000r\000e\000a\000t\000e\000-\000d\000i\000s\000k\000s\000.\000s\000h}{appendix.A}% 89
\BOOKMARK [2][-]{subsection.A.3}{\376\377\000c\000o\000n\000f\000i\000g\000.\000s\000h}{appendix.A}% 90
\BOOKMARK [2][-]{subsection.A.4}{\376\377\000s\000s\000h\000-\000s\000e\000t\000u\000p\000.\000s\000h}{appendix.A}% 91
\BOOKMARK [2][-]{subsection.A.5}{\376\377\000s\000s\000h\000-\000c\000o\000n\000f\000i\000g\000.\000s\000h}{appendix.A}% 92
\BOOKMARK [2][-]{subsection.A.6}{\376\377\000a\000t\000t\000a\000c\000h\000-\000d\000i\000s\000k\000s\000.\000s\000h}{appendix.A}% 93
\BOOKMARK [2][-]{subsection.A.7}{\376\377\000s\000e\000t\000u\000p\000-\000k\000u\000b\000e\000s\000p\000r\000a\000y\000.\000s\000h}{appendix.A}% 94
\BOOKMARK [2][-]{subsection.A.8}{\376\377\000s\000e\000t\000u\000p\000-\000l\000a\000b\000.\000s\000h}{appendix.A}% 95
\BOOKMARK [2][-]{subsection.A.9}{\376\377\000s\000e\000t\000u\000p\000-\000s\000e\000c\000u\000r\000i\000t\000y\000.\000s\000h}{appendix.A}% 96
